     1                                  ;**********************************************
     2                                  ; Entry Point
     3                                  ;**********************************************
     4                                  
     5                                  entry:
     6 00000000 EB58                      jmp ipl    ; jump to ipl
     7                                  
     8                                    ;--------------------------------------------------
     9                                    ; BPB (BIOS Parameter Block)
    10                                    ;--------------------------------------------------
    11                                  
    12 00000002 90<rept>                  times 90 - ($ - $$) db 0x90
    13                                  
    14                                    ;--------------------------------------------------
    15                                    ; IPL(Initial Program Loader)
    16                                    ;--------------------------------------------------
    17                                  
    18                                  ipl:
    19                                    ;--------------------------------------------------
    20                                    ; End of process
    21                                    ;--------------------------------------------------
    22                                  
    23 0000005A EBFE                      jmp $           ;while(true)
    24                                    
    25                                  ;**********************************************
    26                                  ; Boot Flag(End of Head 512 bytes)
    27                                  ;**********************************************
    28 0000005C 00<rept>                  times 510 - ($ - $$) db 0x00
    29 000001FE 55AA                      db 0x55, 0xAA
    30                                  
    31                                  
    32                                  
